border_size=1
usage=map

Wwg, Wog, Wwg, Wog, Wwg, Wog, Wwg, Wwg, Wwrg, Wwg, Hhd, Wwg, Hhd, Hhd, Hhd, Md^Xm, Md^Xm, Md^Xm, Md^Xm, Md^Xm, Md^Xm, Md^Xm, Md, Md^Xm, Md, Md^Xm, Md^Xm, Md^Xm, Md^Xm, Md^Xm, Md^Xm, Md^Xm, Md^Xm, Md^Xm, Md^Xm, Md^Xm, Md^Xm, Md^Xm, Md^Xm, Md^Xm, Md^Xm, Md^Xm
Wwg, Wwg, Wwg, Wwg, Wwg, Wwg, Wwrg, Wwrg, Hhd, Hhd, Hhd, Hhd, Hhd, Hhd, Hhd, Md, Md, Md, Md, Md, Md, Md, Md, Md, Md, Md, Md, Md, Md, Md, Md, Md^Xm, Md^Xm, Md^Xm, Md^Xm, Md^Xm, Md^Xm, Md^Xm, Md^Xm, Md^Xm, Md^Xm, Md^Xm
Wwg, Wwg, Wwg, Wwg, Wwg, Wwg, Wwrg, Hhd, Hhd, Hhd, Ch, Hhd, Hhd, Hhd, Hhd, Hhd, Hhd^Fdw, Hhd^Fdw, Hhd, Hhd, Hhd, Hhd^Fdw, Hhd, Hhd, Hhd, Hhd, Hhd, Gd^Vhr, Hhd^Fdw, Md, Md, Md, Md, Md^Xm, Md^Xm, Md^Xm, Md^Xm, Md^Xm, Md^Xm, Md^Xm, Md^Xm, Md^Xm
Wwg, Wwg, Wwg, Wwg, Wwrg, Wwrg, Hhd, Hhd, Hhd, Ch, Hhd, Hhd, Hhd, Hhd, Hhd, Hhd, Hhd, Hhd, Hhd, Hhd, Hhd, Hhd, Hhd, Hhd, Hhd^Fdw, Hhd^Fdw, Hhd, Hhd, Hhd, Hhd^Fdw, Hhd, Md, Md, Md, Md, Md^Xm, Md^Xm, Md^Xm, Md^Xm, Md^Xm, Md^Xm, Md^Xm
Wwg, Wwg, Wwrg, Wwrg, Hhd, Hhd, Hhd, Hhd, Hhd, Ch, Hhd, Hhd, Hhd, Hhd, Hhd, Hhd, Hhd, Hhd, Ch, Ch, Ch, Hhd, Hhd, Gd^Vhr, Hhd^Fdw, Hhd^Fdw, Hhd, Hhd, Hhd, Hhd, Hhd, Hhd, Hhd, Md, Md, Md, Md^Xm, Md^Xm, Md^Xm, Md^Xm, Md^Xm, Md^Xm
Wwg, Wwg, Wwrg, Hhd, Hhd, Hhd, Ch, Hhd, Hhd, Hhd, Hhd, Hhd, Hhd, Hhd, Hhd, Hhd^Vhhr, Hhd, Hhd, Ch, 2 Kh, Ch, Hhd, Hhd, Hhd, Chr, Hhd, Chr, Hhd, Chr, Hhd^Vhhr, Hhd^Fdw, Hhd, Hhd, Hhd, Hhd^Vhhr, Md, Md^Xm, Md^Xm, Md^Xm, Md^Xm, Md^Xm, Md^Xm
Wog, Wwg, Wwrg, Hhd, Hhd, Hhd, Ch, Hhd, Hhd, Hhd, Hhd, Hhd, Hhd, Hhd, Hhd, Hhd, Hhd, Hhd, Ch, Ch, Ch, Hhd, Hhd, Hhd, Hhd, Chr, Hhd, Chr, Hhd, Hhd^Fdw, Hhd, Hhd, Hhd, Hhd^Fdw, Hhd^Fdw, Md, Md, Md^Xm, Md^Xm, Md^Xm, Md^Xm, Md^Xm
Wog, Wwg, Wwrg, Hhd, Hhd, Ch, Hhd, Hhd, Hhd, Hhd^Vhhr, Hhd, Hhd, Hhd, Hhd, Hhd, Hhd, Hhd^Fdw, Hhd, Hhd, Ch, Hhd, Hhd, Hhd, Hhd, Hhd, Hhd, Hhd, Hhd, Hhd, Hhd, Hhd, Hhd, Hhd, Hhd, Hhd^Fdw, Md, Md, Md^Xm, Md^Xm, Md^Xm, Md^Xm, Md^Xm
Wog, Wwg, Wwrg, Hhd, Hhd, Hhd, Hhd, Hhd, Hhd, Hhd, Hhd, Hhd, Hhd, Hhd, Hhd, Hhd, Hhd, Hhd, Hhd, Hhd, Hhd, Hhd, Hhd, Hhd, Wwrg, Hhd, Hhd, Hhd, Ww^Vm, Hhd, Hhd, Hhd, Hhd, Hhd, Hhd, Hhd, Md, Md^Xm, Md^Xm, Md^Xm, Md^Xm, Md^Xm
Wog, Wwg, Wwrg, Hhd, Hhd, Hhd, Hhd, Hhd, Hhd, Hhd, Hhd, Hhd, Hhd, Hhd, Wwrg, Hhd, Hhd, Hhd, Hhd, Hhd, Hhd, Hhd, Wwrg, Wwrg, Wog, Wwrg, Wwrg, Hhd, Hhd, Hhd, Hhd, Hhd, Hhd, Hhd, Hhd, Hhd^Vhhr, Hhd^Fdw, Md, Md^Xm, Md^Xm, Md^Xm, Md^Xm
Wog, Wwg, Wwrg, Hhd, Hhd, Ch, Ch, Hhd, Hhd, Hhd, Hhd, Hhd, Hhd, Hhd, Wwrg, Wwrg, Wwrg, Wwrg, Hhd, Hhd, Wwrg, Wwrg, Wog, Wog, Wog, Wog, Wwrg, Wwrg, Hhd, Hhd, Hhd, Hhd, Hhd, Hhd, Hhd, Hhd^Fdw, Hhd, Md, Md^Xm, Md^Xm, Md^Xm, Md^Xm
Wog, Wwg, Wwg, Hhd, Hhd, Hhd, Ch, Hhd, Hhd, Hhd, Hhd, Hhd, Hhd, Hhd, Wog, Wwrg, Wwrg, Wwrg, Hhd, Hhd, Wwrg, Wog, Wog, Wog, Wwrg, Wwrg, Hhd, Wwrg, Hhd, Hhd, Hhd, Hhd, Hhd, Hhd, Hhd, Hhd, Hhd, Md, Md^Xm, Md^Xm, Md^Xm, Md^Xm
Wog, Wwg, Wwg, Wwrg, Hhd, Hhd, Hhd, Hhd, Hhd, Hhd, Hhd, Hhd, Hhd, Hhd, Wog, Wog, Wwrg, Hhd, Ww^Vm, Hhd, Wwrg, Wog, Wog, Wog, Wwrg, Hhd, Ww^Vm, Hhd, Hhd, Hhd, Hhd, Hhd, Hhd, Hhd, Hhd, Hhd, Hhd, Hhd, Md^Xm, Md^Xm, Md^Xm, Md^Xm
Wog, Ww^Vm, Wog, Wwrg, Wwrg, Hhd, Hhd, Hhd, Hhd, Hhd, Hhd, Wog, Hhd, Hhd, Wog, Wog, Wwrg, Hhd, Hhd, Hhd, Wwrg, Wog, Wog, Wog, Wwrg, Hhd, Hhd, Hhd, Hhd, Hhd, Hhd, Hhd, Hhd, Hhd, Hhd, Hhd, Hhd, Hhd, Hhd, Md^Xm, Md^Xm, Md^Xm
Wog, Wog, Wog, Wog, Wwg, Wwrg, Hhd, Hhd, Hhd, Hhd, Wog, Wog, Hhd, Hhd, Hhd, Wog, Wog, Wwrg, Hhd, Hhd, Wog, Wog, Wog, Wog, Wog, Wwrg, Wwrg, Hhd, Chw, Wwrg, Wwrg, Hhd, Hhd, Hhd, Hhd, Hhd, Hhd, Hhd, Hhd, Md^Xm, Md^Xm, Md^Xm
Wog, Wog, Wog, Wog, Ww^Vm, Wwrg, Hhd, Hhd, Chw, Wog, Wog, Wog, Hhd, Ww^Vm, Hhd, Wwrg, Wog, Wog, Hhd, Hhd, Wwrg, Wog, Wog, Wog, Wog, Wog, Wog, Chw, 3 Khw, Chw, Hhd, Hhd, Hhd, Hhd, Ww^Vm, Hhd, Hhd, Hhd, Hhd, Md^Xm, Md^Xm, Md^Xm
Wog, Wog, Wog, Wog, Wog, Wog, Wog, Chw, 4 Khw, Chw, Wog, Wog, Hhd, Hhd, Wwrg, Wwrg, Wog, Wog, Hhd, Hhd, Hhd, Wwrg, Wwrg, Wog, Wog, Wog, Wog, Chw, Chw, Chw, Hhd, Hhd, Hhd, Hhd, Hhd, Hhd, Hhd, Hhd, Hhd, Md^Xm, Md^Xm, Md^Xm
Wog, Wog, Wog, Wog, Wog, Wog, Wog, Chw, Chr, Chr, Wog, Wog, Hhd, Hhd, Wwrg, Wog, Wog, Wog, Wwrg, Hhd, Ww^Vm, Hhd, Hhd, Wwrg, Wog, Wog, Wog, Chw, Chw, Chw, Hhd, Hhd, Hhd, Hhd, Hhd, Hhd, Hhd, Hhd, Hhd, Md^Xm, Md^Xm, Md^Xm
Wog, Wog, Wog, Wog, Wog, Wog, Wog, Wwrg, Hhd, Hhd, Hhd, Hhd, Ww^Vm, Hhd, Wwrg, Wog, Wog, Wog, Wwrg, Hhd, Hhd, Hhd, Hhd, Wwrg, Wog, Wog, Wwrg, Wwrg, Hhd, Hhd, Hhd, Hhd, Hhd, Hhd, Hhd, Hhd, Hhd, Hhd, Hhd, Md^Xm, Md^Xm, Md^Xm
Wog, Wog, Ww^Vm, Wog, Wwrg, Wwrg, Wwrg, Wwrg, Hhd, Hhd, Hhd, Hhd, Hhd, Hhd, Wwrg, Wog, Wog, Wog, Wog, Wwrg, Hhd, Hhd, Hhd, Wwrg, Wwrg, Wwrg, Hhd, Hhd, Hhd, Hhd, Hhd, Hhd, Hhd, Hhd, Ww^Vm, Hhd, Hhd, Hhd, Hhd, Md^Xm, Md^Xm, Md^Xm
Wog, Wog, Wwrg, Wwrg, Hhd, Hhd, Hhd, Wwrg, Hhd, Hhd, Wwrg, Wwrg, Wwrg, Wwrg, Wwrg, Wwrg, Wwrg, Wog, Wwrg, Wwrg, Hhd, Hhd, Ww^Vm, Hhd, Wwrg, Wwrg, Hhd, Ww^Vm, Hhd, Hhd, Hhd, Hhd, Hhd, Hhd, Wwrg, Hhd, Hhd, Hhd, Hhd, Md^Xm, Md^Xm, Md^Xm
Wog, Wwrg, Hhd, Hhd, Hhd, Hhd, Hhd, Hhd, Hhd, Hhd, Hhd, Wwrg, Wwrg, Wwrg, Hhd, Wwrg, Hhd, Wwrg, Wwrg, Wwrg, Hhd, Hhd, Hhd, Hhd, Wwrg, Wwrg, Wwrg, Hhd, Hhd, Hhd, Hhd, Hhd, Hhd, Hhd, Hhd, Hhd, Hhd, Hhd, Hhd, Md^Xm, Md^Xm, Md^Xm
Wog, Wwrg, Hhd, Hhd, Hhd, Hhd, Hhd, Hhd, Hhd, Hhd, Hhd, Hhd, Hhd, Hhd, Hhd, Hhd, Hhd, Hhd, Hhd, Hhd, Hhd, Hhd, Wwrg, Wwrg, Wwrg, Wwrg, Wwrg, Hhd, Hhd, Hhd, Hhd, Hhd, Hhd, Hhd, Hhd, Hhd, Hhd, Hhd, Md^Xm, Md^Xm, Md^Xm, Md^Xm
Wog, Wwrg, Hhd, Hhd, Hhd, Hhd^Vhhr, Hhd^Fdw, Hhd, Hhd^Fdw, Hhd, Hhd, Hhd, Hhd, Hhd, Hhd, Hhd, Hhd, Hhd, Hhd, Hhd, Hhd, Wwrg, Wwrg, Wwrg, Hhd, Hhd, Hhd, Hhd, Mm, Hhd, Hhd, Hhd, Hhd, Hhd, Hhd, Hhd, Hhd, Hhd, Md^Xm, Md^Xm, Md^Xm, Md^Xm
Wog, Wwrg, Hhd, Hhd, Hhd, Hhd, Hhd^Fdw, Hhd^Fdw, Hhd, Hhd^Fdw, Hhd^Fdw, Hhd^Fdw, Hhd, Hhd, Hhd, Hhd, Hhd^Fdw, Hhd, Hhd, Hhd, Hhd, Hhd, Hhd, Wwrg, Hhd, Ww^Vm, Hhd, Hhd, Hhd, Hhd, Hhd, Hhd, Hhd, Hhd, Hhd, Hhd, Hhd, Md, Md^Xm, Md^Xm, Md^Xm, Md^Xm
Wog, Wwrg, Hhd, Hhd, Hhd, Hhd, Hhd, Hhd^Fdw, Gd^Vhr, Hhd, Hhd, Hhd, Cdr, Hhd, Hhd, Hhd^Fdw, Hhd^Fdw, Hhd^Fdw, Hhd^Fdw, Hhd, Hhd, Hhd, Hhd, Hhd, Hhd, Hhd, Hhd, Hhd, Hhd, Hhd, Hhd, Hhd, Hhd, Hhd, Gs^Vh, Hhd^Fdw, Hhd, Md, Md^Xm, Md^Xm, Md^Xm, Md^Xm
Wog, Wwrg, Wwrg, Hhd, Hhd, Hhd, Hhd, Hhd, Hhd, Hhd, Cdr, Cdr, 1 Kdr, Cdr, Cdr, Hhd, Hhd^Fdw, Hhd^Fdw, Hhd^Vhhr, Hhd^Fdw, Hhd^Fdw, Hhd, Hhd, Hhd, Hhd, Hhd, Hhd, Hhd, Hhd, Hhd, Hhd^Fdw, Hhd, Hhd^Fdw, Hhd^Fdw, Hhd^Fdw, Hhd^Fdw, Md, Md, Md^Xm, Md^Xm, Md^Xm, Md^Xm
Wog, Wog, Wog, Wwrg, Wwrg, Hhd, Hhd, Hhd, Hhd, Hhd, Hhd, Cdr, Cdr, Cdr, Hhd, Hhd, Hhd^Fdw, Hhd^Fdw, Hhd^Fdw, Hhd^Fdw, Hhd^Fdw, Hhd^Fdw, Hhd^Fdw, Hhd, Hhd^Vhhr, Hhd^Fdw, Hhd^Fdw, Hhd^Fdw, Hhd^Fdw, Hhd^Fdw, Hhd^Vhhr, Hhd^Fdw, Hhd^Fdw, Hhd^Fdw, Hhd^Fdw, Hhd^Fdw, Md, Md, Md^Xm, Md^Xm, Md^Xm, Md^Xm
Wog, Wog, Wog, Wog, Wwrg, Hhd, Hhd, Hhd, Hhd, Hhd, Hhd, Hhd, Hhd, Hhd, Hhd^Fdw, Hhd^Fdw, Hhd^Fdw, Hhd^Fdw, Hhd^Fdw, Hhd^Fdw, Hhd^Fdw, Hhd^Fdw, Hhd^Fdw, Hhd^Fdw, Hhd^Fdw, Hhd^Fdw, Hhd^Fdw, Hhd^Fdw, Hhd^Fdw, Hhd^Fdw, Hhd^Fdw, Hhd^Fdw, Hhd^Fdw, Hhd^Fdw, Md, Md, Md^Xm, Md^Xm, Md^Xm, Md^Xm, Md^Xm, Md^Xm
Wog, Wog, Wog, Wog, Wog, Wwrg, Wwrg, Hhd, Hhd, Hhd, Hhd, Hhd, Hhd, Hhd^Fdw, Hhd^Vhhr, Hhd^Fdw, Hhd^Fdw, Hhd^Fdw, Hhd^Fdw, Gd^Vhr, Hhd^Fdw, Hhd^Fdw, Hhd^Fdw, Hhd^Fdw, Hhd^Fdw, Hhd^Fdw, Md, Hhd^Fdw, Hhd^Fdw, Md, Md, Md, Md, Md, Md^Xm, Md^Xm, Md^Xm, Md^Xm, Md^Xm, Md^Xm, Md^Xm, Md^Xm
Wog, Wog, Wog, Wog, Wog, Wog, Wog, Wwrg, Wwrg, Hhd, Hhd, Hhd, Hhd, Hhd^Fdw, Hhd^Fdw, Hhd^Fdw, Hhd^Fdw, Md, Md, Md, Md, Md, Md, Md, Md, Md, Md^Xm, Md, Md, Md, Md^Xm, Md^Xm, Md^Xm, Md^Xm, Md^Xm, Md^Xm, Md^Xm, Md^Xm, Md^Xm, Md^Xm, Md^Xm, Md^Xm
Wog, Wog, Wog, Wog, Wog, Wog, Wog, Wog, Wwrg, Hhd, Hhd, Hhd, Wwrg, Hhd, Hhd^Fdw, Hhd^Fdw, Hhd^Fdw, Md^Xm, Md^Xm, Md^Xm, Md^Xm, Md^Xm, Md^Xm, Md^Xm, Md^Xm, Md^Xm, Md^Xm, Md^Xm, Md^Xm, Md^Xm, Md^Xm, Md^Xm, Md^Xm, Md^Xm, Md^Xm, Md^Xm, Md^Xm, Md^Xm, Md^Xm, Md^Xm, Md^Xm, Md^Xm
