border_size=1
usage=map

Wot         , Wot         , Wot         , Wot         , Wot         , Wot         , Wot         , Wot         , Wot         , Wot         , Wo          , Wog         , Xos         , Ch          , Ch          , Ch          , Ch          , Ch          , Ch          , Ch          , Xos         , Wog         , Wo          , Wot         , Wot         , Wot         , Wo          , Wog         , Xos         , Ch          , Ch          , Ch          , Ch          , Ch          , Ch          , Ch          , Xos         , Wog         , Wo          , Wot         , Wot         , Wot         , Wot         , Wot         , Wot         , Wot         , Wot         , Wot         , Wot         
Wot         , Wot         , Wot         , Wot         , Wot         , Wot         , Wot         , Wot         , Wot         , Wot         , Wo          , Wog         , Xos         , Ch          , Ch          , Kud         , Ch          , Ch          , Ch          , Ch          , Xol         , Wog         , Wo          , Wot         , Wot         , Wot         , Wo          , Wog         , Xol         , Ch          , Ch          , Ch          , Ch          , Kud         , Ch          , Ch          , Xos         , Wog         , Wo          , Wot         , Wot         , Wot         , Wot         , Wot         , Wot         , Wot         , Wot         , Wot         , Wot         
Wot         , Wot         , Wot         , Wot         , Wot         , Wot         , Wot         , Wot         , Wot         , Wot         , Wo          , Wog         , Xos         , Ch          , Ch          , Ch          , Ch          , Ch          , Rrc         , Rrc         , Xos         , Wog         , Wog         , Wo          , Wo          , Wo          , Wog         , Wog         , Xos         , Rrc         , Rrc         , Ch          , Ch          , Ch          , Ch          , Ch          , Xos         , Wog         , Wo          , Wot         , Wot         , Wot         , Wot         , Wot         , Wot         , Wot         , Wot         , Wot         , Wot         
Wot         , Wot         , Wot         , Wot         , Wot         , Wot         , Wot         , Wot         , Wot         , Wot         , Wo          , Wog         , Xol         , Rrc         , Rrc         , Ch          , Xol         , Xol         , Rrc         , Rrc         , Rrc         , Xos         , Xos         , Wog         , Wog         , Wog         , Xos         , Xos         , Rrc         , Rrc         , Rrc         , Xol         , Xol         , Ch          , Rrc         , Rrc         , Xol         , Wog         , Wo          , Wot         , Wot         , Wot         , Wot         , Wot         , Wot         , Wot         , Wot         , Wot         , Wot         
Wot         , Wot         , Wot         , Wot         , Wot         , Wot         , Wot         , Wot         , Wot         , Wot         , Wo          , Wog         , Xol         , Rrc         , Rrc         , Xol         , Rrc         , Rrc         , Rrc         , Rrc         , Rrc         , Rrc         , Rrc         , Xos         , Xos         , Xos         , Rrc         , Rrc         , Rrc         , Rrc         , Rrc         , Rrc         , Rrc         , Xol         , Rrc         , Rrc         , Xol         , Wo          , Wo          , Wot         , Wot         , Wot         , Wot         , Wot         , Wot         , Wot         , Wot         , Wot         , Wot         
Wot         , Wot         , Wot         , Wot         , Wot         , Wot         , Wot         , Wot         , Wo          , Wo          , Wog         , Wog         , Xol         , Rrc         , Rrc         , Xol         , Rrc         , Rrc         , Rrc         , Rrc         , Rrc         , Rrc         , Xol         , Xol         , Rrc         , Xol         , Xol         , Rrc         , Rrc         , Rrc         , Rrc         , Rrc         , Rrc         , Xol         , Rrc         , Rrc         , Xol         , Wog         , Wog         , Wo          , Wo          , Wot         , Wot         , Wot         , Wot         , Wot         , Wot         , Wot         , Wot         
Wot         , Wot         , Wot         , Wot         , Wot         , Wot         , Wo          , Wo          , Wog         , Wog         , Xol         , Xol         , Rrc         , Rrc         , Rrc         , Xol         , Rrc         , Rrc         , Rrc         , Rrc         , Xol         , Xol         , Rrc         , Rrc         , Rrc         , Rrc         , Rrc         , Xol         , Xol         , Rrc         , Rrc         , Rrc         , Rrc         , Xol         , Rrc         , Rrc         , Rrc         , Xol         , Xol         , Wog         , Wog         , Wo          , Wo          , Wot         , Wot         , Wot         , Wot         , Wot         , Wot         
Wot         , Wot         , Wot         , Wot         , Wo          , Wo          , Wog         , Wog         , Xol         , Xol         , Rrc         , Rrc         , Rrc         , Rrc         , Xol         , Xol         , Xol         , Rrc         , Xol         , Xol         , Rrc         , Rrc         , Rrc         , Rrc         , Rrc         , Rrc         , Rrc         , Rrc         , Rrc         , Xol         , Xol         , Rrc         , Xol         , Xol         , Xol         , Rrc         , Rrc         , Rrc         , Rrc         , Xol         , Xol         , Wog         , Wog         , Wo          , Wo          , Wot         , Wot         , Wot         , Wot         
Wot         , Wot         , Wo          , Wo          , Wog         , Wog         , Xol         , Xol         , Rrc         , Rrc         , Rrc         , Rrc         , Xol         , Xol         , Rrc         , Rrc         , Rrc         , Xol         , Xol         , Rrc         , Rrc         , Rrc         , Rrc         , Rrc         , Rrc         , Rrc         , Rrc         , Rrc         , Rrc         , Rrc         , Xol         , Xol         , Rrc         , Rrc         , Rrc         , Xol         , Xol         , Rrc         , Rrc         , Rrc         , Rrc         , Xol         , Xol         , Wog         , Wog         , Wo          , Wo          , Wot         , Wot         
Wot         , Wo          , Wo          , Wog         , Xol         , Xol         , Rrc         , Rrc         , Rrc         , Rrc         , Xol         , Xol         , Rrc         , Rrc         , Rrc         , Rrc         , Rrc         , Rrc         , Rrc         , Xol         , Xol         , Rrc         , Rrc         , Rrc         , Rrc         , Rrc         , Rrc         , Rrc         , Xol         , Xol         , Rrc         , Rrc         , Rrc         , Rrc         , Rrc         , Rrc         , Rrc         , Xol         , Xol         , Rrc         , Rrc         , Rrc         , Rrc         , Xol         , Xol         , Wog         , Wog         , Wo          , Wot         
Wot         , Wo          , Wog         , Xol         , Rrc         , Rrc         , Rrc         , Rrc         , Xol         , Xol         , Ch          , Ch          , Ch          , Rrc         , Rrc         , Rrc         , Rrc         , Rrc         , Rrc         , Rrc         , Rrc         , Xol         , Xol         , Rrc         , Rrc         , Rrc         , Xol         , Xol         , Rrc         , Rrc         , Rrc         , Rrc         , Rrc         , Rrc         , Rrc         , Rrc         , Ch          , Ch          , Ch          , Xol         , Xol         , Rrc         , Rrc         , Rrc         , Rrc         , Xol         , Wog         , Wo          , Wot         
Wot         , Wo          , Wog         , Xol         , Rrc         , Rrc         , Xol         , Xol         , Ch          , Ch          , Kud         , Ch          , Ch          , Ch          , Ch          , Xol         , Xol         , Rrc         , Rrc         , Rrc         , Rrc         , Rrc         , Rrc         , Rrc         , Ch          , Rrc         , Rrc         , Rrc         , Rrc         , Rrc         , Rrc         , Rrc         , Xol         , Xol         , Ch          , Ch          , Ch          , Ch          , Kud         , Ch          , Ch          , Xol         , Xol         , Rrc         , Rrc         , Xol         , Wog         , Wo          , Wot         
Wo          , Wo          , Wog         , Xol         , Rrc         , Rrc         , Ch          , Xol         , Xol         , Ch          , Ch          , Ch          , Xol         , Ch          , Ch          , Ch          , Ch          , Xol         , Xol         , Rrc         , Rrc         , Rrc         , Ch          , Ch          , Ch          , Ch          , Ch          , Rrc         , Rrc         , Rrc         , Xol         , Xol         , Ch          , Ch          , Ch          , Ch          , Xol         , Ch          , Ch          , Ch          , Xol         , Xol         , Ch          , Rrc         , Rrc         , Xol         , Wog         , Wo          , Wo          
Wo          , Wog         , Xol         , Xol         , Ch          , Ch          , Ch          , Ch          , Ch          , Xol         , Xol         , Xol         , Ch          , Ch          , Ch          , Ch          , Ch          , Ch          , Xol         , Xol         , Ch          , Ch          , Ch          , Ch          , Ch          , Ch          , Ch          , Ch          , Ch          , Xol         , Xol         , Ch          , Ch          , Ch          , Ch          , Ch          , Ch          , Xol         , Xol         , Xol         , Ch          , Ch          , Ch          , Ch          , Ch          , Xol         , Xol         , Wog         , Wo          
Wo          , Wog         , Xol         , Ch          , Ch          , Ch          , Ch          , Ch          , Ch          , Xol         , Ch          , Ch          , Ch          , Ch          , Ch          , Ch          , Xol         , Xol         , Ch          , Ch          , Ch          , Ch          , Ch          , Ch          , Ch          , Ch          , Ch          , Ch          , Ch          , Ch          , Ch          , Xol         , Xol         , Ch          , Ch          , Ch          , Ch          , Ch          , Ch          , Xol         , Ch          , Ch          , Ch          , Ch          , Ch          , Ch          , Xol         , Wog         , Wo          
Wo          , Wog         , Xol         , Ch          , Ch          , Ch          , Ch          , Ch          , Ch          , Xol         , Ch          , Ch          , Ch          , Ch          , Xol         , Xol         , Ch          , Ch          , Ch          , Ch          , Ch          , Ch          , Ch          , Ch          , Ch          , Ch          , Ch          , Ch          , Ch          , Ch          , Ch          , Ch          , Ch          , Xol         , Xol         , Ch          , Ch          , Ch          , Ch          , Xol         , Ch          , Ch          , Ch          , Ch          , Ch          , Ch          , Xol         , Wog         , Wo          
Wo          , Wog         , Xol         , Ch          , Ch          , Kud         , Ch          , Ch          , Ch          , Xol         , Ch          , Ch          , Ch          , Xol         , Xol         , Ch          , Ch          , Ch          , Ch          , Ch          , Ch          , Ch          , Ch          , Ch          , Ch          , Ch          , Ch          , Ch          , Ch          , Ch          , Ch          , Ch          , Ch          , Ch          , Xol         , Xol         , Ch          , Ch          , Ch          , Xol         , Ch          , Ch          , Ch          , Kud         , Ch          , Ch          , Xol         , Wog         , Wo          
Wo          , Wog         , Xol         , Ch          , Ch          , Ch          , Ch          , Ch          , Ch          , Xol         , Ch          , Ch          , Ch          , Ch          , Ch          , Xol         , Xol         , Ch          , Ch          , Ch          , Ch          , Ch          , Kud         , Ch          , Ch          , Ch          , Kud         , Ch          , Ch          , Ch          , Ch          , Ch          , Xol         , Xol         , Ch          , Ch          , Ch          , Ch          , Ch          , Xol         , Ch          , Ch          , Ch          , Ch          , Ch          , Ch          , Xol         , Wog         , Wo          
Wo          , Wog         , Xol         , Ch          , Ch          , Ch          , Ch          , Ch          , Rrc         , Xol         , Xol         , Ch          , Ch          , Ch          , Ch          , Ch          , Ch          , Xol         , Xol         , Ch          , Ch          , Ch          , Ch          , Ch          , Ch          , Ch          , Ch          , Ch          , Ch          , Ch          , Xol         , Xol         , Ch          , Ch          , Ch          , Ch          , Ch          , Ch          , Xol         , Xol         , Rrc         , Ch          , Ch          , Ch          , Ch          , Ch          , Xol         , Wog         , Wo          
Wo          , Wog         , Wog         , Xol         , Xol         , Ch          , Xol         , Rrc         , Rrc         , Rrc         , Rrc         , Xol         , Rrc         , Ch          , Ch          , Ch          , Ch          , Ch          , Xol         , Xol         , Xol         , Ch          , Ch          , Ch          , Ch          , Ch          , Ch          , Ch          , Xol         , Xol         , Xol         , Ch          , Ch          , Ch          , Ch          , Ch          , Rrc         , Xol         , Rrc         , Rrc         , Rrc         , Rrc         , Xol         , Ch          , Xos         , Xos         , Wog         , Wog         , Wo          
Wot         , Wo          , Wo          , Wog         , Wog         , Xol         , Rrc         , Rrc         , Rrc         , Rrc         , Rrc         , Rrc         , Rrc         , Rrc         , Xol         , Ch          , Xol         , Xol         , Ch          , Ch          , Ch          , Xol         , Xol         , Ch          , Ch          , Ch          , Xol         , Xol         , Ch          , Ch          , Ch          , Xol         , Xol         , Ch          , Xol         , Rrc         , Rrc         , Rrc         , Rrc         , Rrc         , Rrc         , Rrc         , Rrc         , Xos         , Wog         , Wog         , Wo          , Wo          , Wot         
Wot         , Wot         , Wot         , Wo          , Wog         , Xos         , Rrc         , Rrc         , Rrc         , Rrc         , Rrc         , Rrc         , Rrc         , Rrc         , Xol         , Xol         , Ch          , Ch          , Ch          , Ch          , Ch          , Ch          , Ch          , Xol         , Xol         , Xol         , Ch          , Ch          , Ch          , Ch          , Ch          , Ch          , Ch          , Xol         , Xol         , Rrc         , Rrc         , Rrc         , Rrc         , Rrc         , Rrc         , Rrc         , Rrc         , Xos         , Wog         , Wo          , Wot         , Wot         , Wot         
Wot         , Wot         , Wot         , Wo          , Wog         , Xos         , Rrc         , Rrc         , Rrc         , Rrc         , Rrc         , Rrc         , Xol         , Xol         , Ch          , Ch          , Ch          , Ch          , Ch          , Ch          , Ch          , Ch          , Xol         , Xol         , Ch          , Xol         , Xol         , Ch          , Ch          , Ch          , Ch          , Ch          , Ch          , Ch          , Ch          , Xol         , Xol         , Rrc         , Rrc         , Rrc         , Rrc         , Rrc         , Rrc         , Xos         , Wog         , Wo          , Wot         , Wot         , Wot         
Wot         , Wot         , Wot         , Wo          , Wog         , Xos         , Rrc         , Rrc         , Rrc         , Rrc         , Rrc         , Xol         , Xol         , Ch          , Ch          , Ch          , Ch          , Ch          , Ch          , Ch          , Xol         , Xol         , Ch          , Ch          , Ch          , Ch          , Ch          , Xol         , Xol         , Ch          , Ch          , Ch          , Ch          , Ch          , Ch          , Ch          , Xol         , Xol         , Rrc         , Rrc         , Rrc         , Rrc         , Rrc         , Xos         , Wog         , Wo          , Wot         , Wot         , Wot         
Wot         , Wot         , Wo          , Wo          , Wog         , Xos         , Rrc         , Rrc         , Rrc         , Rrc         , Rrc         , Rrc         , Rrc         , Rrc         , Rrc         , Ch          , Ch          , Ch          , Xol         , Xol         , Ch          , Ch          , Ch          , Ch          , Kud         , Ch          , Ch          , Ch          , Ch          , Xol         , Xol         , Ch          , Ch          , Ch          , Rrc         , Rrc         , Rrc         , Rrc         , Rrc         , Rrc         , Rrc         , Rrc         , Rrc         , Xos         , Wog         , Wo          , Wo          , Wot         , Wot         
Wo          , Wo          , Wog         , Wog         , Xol         , Xol         , Xol         , Rrc         , Rrc         , Rrc         , Rrc         , Rrc         , Rrc         , Rrc         , Rrc         , Xol         , Xol         , Xol         , Ch          , Ch          , Ch          , Ch          , Ch          , Ch          , Ch          , Ch          , Ch          , Ch          , Ch          , Ch          , Ch          , Xol         , Xol         , Xol         , Rrc         , Rrc         , Rrc         , Rrc         , Rrc         , Rrc         , Rrc         , Rrc         , Xol         , Xol         , Xol         , Wog         , Wog         , Wo          , Wo          
Wo          , Wog         , Xol         , Xol         , Ch          , Ch          , Ch          , Rrc         , Rrc         , Rrc         , Rrc         , Rrc         , Rrc         , Rrc         , Rrc         , Rrc         , Rrc         , Xol         , Xol         , Ch          , Ch          , Ch          , Ch          , Ch          , Ch          , Ch          , Ch          , Ch          , Ch          , Ch          , Xol         , Xol         , Rrc         , Rrc         , Rrc         , Rrc         , Rrc         , Rrc         , Rrc         , Rrc         , Rrc         , Rrc         , Ch          , Ch          , Ch          , Xol         , Xol         , Wog         , Wo          
Wo          , Wog         , Xol         , Ch          , Ch          , Ch          , Ch          , Ch          , Ch          , Xol         , Xol         , Rrc         , Rrc         , Rrc         , Rrc         , Rrc         , Rrc         , Rrc         , Rrc         , Rrc         , Rrc         , Ch          , Ch          , Ch          , Ch          , Ch          , Ch          , Ch          , Rrc         , Rrc         , Rrc         , Rrc         , Rrc         , Rrc         , Rrc         , Rrc         , Rrc         , Rrc         , Xol         , Xol         , Ch          , Ch          , Ch          , Ch          , Ch          , Ch          , Xol         , Wog         , Wo          
Wo          , Wog         , Xol         , Ch          , Ch          , Ch          , Ch          , Ch          , Ch          , Xos         , Ch          , Xol         , Xol         , Rrc         , Rrc         , Rrc         , Rrc         , Rrc         , Rrc         , Rrc         , Rrc         , Xol         , Xol         , Ch          , Ch          , Ch          , Xol         , Xol         , Rrc         , Rrc         , Rrc         , Rrc         , Rrc         , Rrc         , Rrc         , Rrc         , Xol         , Xol         , Ch          , Xol         , Ch          , Ch          , Ch          , Ch          , Ch          , Ch          , Xol         , Wog         , Wo          
Wo          , Wog         , Xol         , Ch          , Ch          , Kud         , Ch          , Ch          , Ch          , Xos         , Ch          , Ch          , Ch          , Xol         , Xol         , Rrc         , Rrc         , Rrc         , Rrc         , Rrc         , Rrc         , Rrc         , Rrc         , Xol         , Xol         , Xol         , Rrc         , Rrc         , Rrc         , Rrc         , Rrc         , Rrc         , Rrc         , Rrc         , Xol         , Xol         , Ch          , Ch          , Ch          , Xol         , Ch          , Ch          , Ch          , Kud         , Ch          , Ch          , Xol         , Wog         , Wo          
Wo          , Wog         , Xol         , Ch          , Ch          , Ch          , Ch          , Ch          , Ch          , Xos         , Ch          , Ch          , Ch          , Ch          , Ch          , Xol         , Xol         , Rrc         , Rrc         , Rrc         , Rrc         , Rrc         , Rrc         , Rrc         , Rrc         , Rrc         , Rrc         , Rrc         , Rrc         , Rrc         , Rrc         , Rrc         , Xol         , Xol         , Ch          , Ch          , Ch          , Ch          , Ch          , Xol         , Ch          , Ch          , Ch          , Ch          , Ch          , Ch          , Xol         , Wog         , Wo          
Wo          , Wog         , Xos         , Ch          , Ch          , Ch          , Ch          , Ch          , Xos         , Xos         , Xos         , Ch          , Ch          , Ch          , Ch          , Ch          , Ch          , Rrc         , Rrc         , Rrc         , Rrc         , Rrc         , Rrc         , Rrc         , Rrc         , Rrc         , Rrc         , Rrc         , Rrc         , Rrc         , Rrc         , Rrc         , Ch          , Ch          , Ch          , Ch          , Ch          , Ch          , Xos         , Xos         , Xos         , Ch          , Ch          , Ch          , Ch          , Ch          , Xos         , Wog         , Wo          
Wo          , Wog         , Wog         , Xos         , Xos         , Ch          , Xos         , Xos         , Wog         , Wog         , Wog         , Xos         , Xos         , Ch          , Ch          , Ch          , Ch          , Ch          , Ch          , Xol         , Xol         , Rrc         , Rrc         , Rrc         , Rrc         , Rrc         , Rrc         , Rrc         , Xol         , Xol         , Ch          , Ch          , Ch          , Ch          , Ch          , Ch          , Xos         , Xos         , Wog         , Wog         , Wog         , Xos         , Xos         , Ch          , Xos         , Xos         , Wog         , Wog         , Wo          
Wot         , Wo          , Wo          , Wog         , Wog         , Xos         , Wog         , Wog         , Wo          , Wo          , Wo          , Wog         , Wog         , Xos         , Xos         , Ch          , Ch          , Ch          , Ch          , Ch          , Ch          , Xol         , Xol         , Rrc         , Rrc         , Rrc         , Xol         , Xol         , Ch          , Ch          , Ch          , Ch          , Ch          , Ch          , Xos         , Xos         , Wog         , Wog         , Wo          , Wo          , Wo          , Wog         , Wog         , Xos         , Wog         , Wog         , Wo          , Wo          , Wot         
Wot         , Wot         , Wot         , Wo          , Wo          , Wog         , Wo          , Wo          , Wot         , Wot         , Wot         , Wo          , Wo          , Wog         , Wog         , Xos         , Xos         , Ch          , Ch          , Ch          , Ch          , Ch          , Xos         , Rrc         , Rrc         , Rrc         , Xos         , Ch          , Ch          , Ch          , Ch          , Ch          , Xos         , Xos         , Wog         , Wog         , Wo          , Wo          , Wot         , Wot         , Wot         , Wo          , Wo          , Wog         , Wo          , Wo          , Wot         , Wot         , Wot         
Wot         , Wot         , Wot         , Wot         , Wot         , Wo          , Wot         , Wot         , Wot         , Wot         , Wot         , Wot         , Wot         , Wo          , Wo          , Wog         , Wog         , Xos         , Xos         , Ch          , Ch          , Ch          , Xol         , Rrc         , Cud         , Rrc         , Xol         , Ch          , Ch          , Ch          , Xos         , Xos         , Wog         , Wog         , Wo          , Wo          , Wot         , Wot         , Wot         , Wot         , Wot         , Wot         , Wot         , Wo          , Wot         , Wot         , Wot         , Wot         , Wot         
Wot         , Wot         , Wot         , Wot         , Wot         , Wot         , Wot         , Wot         , Wot         , Wot         , Wot         , Wot         , Wot         , Wot         , Wot         , Wo          , Wo          , Wog         , Wog         , Xos         , Xol         , Xol         , Cud         , Cud         , Cud         , Cud         , Cud         , Xol         , Xol         , Xos         , Wog         , Wog         , Wo          , Wo          , Wot         , Wot         , Wot         , Wot         , Wot         , Wot         , Wot         , Wot         , Wot         , Wot         , Wot         , Wot         , Wot         , Wot         , Wo          
Wo          , Wot         , Wo          , Wot         , Wot         , Wot         , Wot         , Wot         , Wot         , Wot         , Wot         , Wot         , Wot         , Wot         , Wot         , Wot         , Wot         , Wo          , Wo          , Wog         , Xol         , Cud         , Cud         , Cud         , Cud         , Cud         , Cud         , Cud         , Xol         , Wog         , Wo          , Wo          , Wot         , Wot         , Wot         , Wot         , Wot         , Wot         , Wot         , Wot         , Wot         , Wot         , Wot         , Wot         , Wot         , Wot         , Wot         , Wot         , Wot         
Wog         , Wo          , Wog         , Wo          , Wo          , Wot         , Wot         , Wot         , Wot         , Wot         , Wot         , Wot         , Wot         , Wot         , Wot         , Wot         , Wot         , Wot         , Wo          , Wog         , Xos         , Cud         , Cud         , Cud         , Cud         , Cud         , Cud         , Cud         , Xos         , Wog         , Wo          , Wot         , Wot         , Wot         , Wot         , Wot         , Wot         , Wot         , Wot         , Wot         , Wot         , Wot         , Wot         , Wot         , Wot         , Wot         , Wot         , Wot         , Wot         
Xos         , Wog         , Xos         , Wog         , Wog         , Wo          , Wo          , Wot         , Wot         , Wot         , Wot         , Wot         , Wot         , Wot         , Wot         , Wot         , Wot         , Wot         , Wo          , Wog         , Wog         , Xos         , Xos         , Cud         , Rrc^Bsb|    , Cud         , Xos         , Xos         , Wog         , Wog         , Wot         , Wot         , Wot         , Wot         , Wot         , Wot         , Wot         , Wot         , Wot         , Wot         , Wot         , Wot         , Wot         , Wot         , Wot         , Wot         , Wot         , Wot         , Wot         
Ch          , Xos         , Ch          , Xos         , Xos         , Wog         , Wog         , Wo          , Wo          , Wot         , Wot         , Wot         , Wot         , Wot         , Wot         , Wot         , Wot         , Wot         , Wot         , Wo          , Wo          , Wog         , Xos         , Qxu^Bsb|    , Wog^Bsb|    , Rrc^Bsb|    , Xos         , Wog         , Wot         , Wot         , Wot         , Wot         , Wot         , Wot         , Wot         , Wot         , Wot         , Wot         , Wot         , Wot         , Wot         , Wot         , Wot         , Wot         , Wot         , Wot         , Wot         , Wot         , Wot         
Ch          , Ch          , Ch          , Ch          , Ch          , Xos         , Xos         , Wog         , Wog         , Wo          , Wo          , Wot         , Wot         , Wot         , Wot         , Wot         , Wot         , Wot         , Wot         , Wot         , Wo          , Wog         , Wog         , Qxu^Bsb|    , Wo^Bsb|     , Wog^Bsb|    , Wog         , Wog         , Wot         , Wot         , Wot         , Wot         , Wot         , Wot         , Wot         , Wot         , Wot         , Wot         , Wot         , Wot         , Wo          , Wot         , Wot         , Wot         , Wot         , Wot         , Wot         , Wot         , Wot         
Ch          , Ch          , Rr^Vd       , Rr^Vd       , Ch          , Ch          , Ch          , Xos         , Xos         , Wog         , Wog         , Wo          , Wot         , Wot         , Wot         , Wot         , Wot         , Wot         , Wot         , Wot         , Wot         , Wo          , Wog         , Qxu^Bsb|    , Wo^Bsb|     , Wo^Bsb|     , Wog         , Wo          , Wot         , Wot         , Wot         , Wot         , Wot         , Wot         , Wot         , Wot         , Wot         , Wot         , Wo          , Wo          , Wog         , Wo          , Wo          , Wot         , Wot         , Wot         , Wot         , Wot         , Wot         
Ch          , Rr^Vd       , Ch          , Ch          , Ch          , Ch          , Rr^Vd       , Ch          , Ch          , Xos         , Wog         , Wo          , Wot         , Wot         , Wot         , Wot         , Wot         , Wot         , Wo          , Wot         , Wot         , Wo          , Wog         , Qxu^Bsb|    , Wog^Bsb|    , Wo^Bsb|     , Wog         , Wot         , Wot         , Wot         , Wo          , Wot         , Wo          , Wot         , Wot         , Wot         , Wo          , Wo          , Wog         , Wog         , Xos         , Wog         , Wog         , Wo          , Wo          , Wot         , Wot         , Wot         , Wo          
Ch          , Ch          , Ch          , Ch          , Ch          , Ch          , Rr^Vd       , Ch          , Ch          , Xos         , Wog         , Wo          , Wo          , Wot         , Wot         , Wot         , Wo          , Wo          , Wog         , Wo          , Wo          , Wo          , Wog         , Qxu^Bsb|    , Ch          , Wog^Bsb|    , Wog         , Wo          , Wo          , Wo          , Wog         , Wo          , Wog         , Wo          , Wo          , Wo          , Wog         , Wog         , Xos         , Xos         , Ch          , Xos         , Xos         , Wog         , Wog         , Wo          , Wo          , Wo          , Wog         
Ch          , Ch          , Ch          , Kud         , Ch          , Ch          , Rr^Vd       , Ch          , Ch          , Xos         , Xos         , Wog         , Wog         , Wo          , Wo          , Wo          , Wog         , Wog         , Xol         , Wog         , Wog         , Wog         , Xol         , Ch          , Ch          , Ch          , Xol         , Wog         , Wog         , Wog         , Xol         , Wog         , Wog         , Wog         , Wo          , Wo          , Wog         , Xos         , Ch          , Ch          , Ch          , Ch          , Ch          , Xos         , Xos         , Wog         , Wog         , Wog         , Xos         
Ch          , Ch          , Ch          , Ch          , Ch          , Ch          , Ch          , Ch          , Ch          , Xos         , Ch          , Xos         , Xos         , Wog         , Wog         , Wog         , Xol         , Xol         , Ch          , Xol         , Xol         , Xol         , Xol         , Ch          , Ch          , Ch          , Xol         , Xol         , Xol         , Xol         , Ch          , Xol         , Xol         , Wog         , Wog         , Wo          , Wog         , Xos         , Ch          , Ch          , Ch          , Ch          , Ch          , Ch          , Ch          , Xos         , Xos         , Xos         , Ch          
Xos         , Ch          , Ch          , Ch          , Ch          , Ch          , Ch          , Ch          , Xos         , Xos         , Ch          , Ch          , Ch          , Xos         , Xos         , Xol         , Ch          , Ch          , Rr^Vd       , Ch          , Ch          , Xol         , Ch          , Ch          , Ch          , Ch          , Ch          , Xol         , Ch          , Ch          , Rr^Vd       , Ch          , Ch          , Xol         , Wog         , Wog         , Wog         , Xos         , Ch          , Ch          , Ch          , Ch          , Ch          , Ch          , Ch          , Ch          , Ch          , Ch          , Ch          
Ch          , Xos         , Xos         , Ch          , Ch          , Ch          , Xos         , Xos         , Ch          , Ch          , Ch          , Ch          , Ch          , Ch          , Ch          , Xos         , Ch          , Ch          , Kud         , Ch          , Ch          , Ch          , Ch          , Ch          , Xol         , Ch          , Ch          , Ch          , Ch          , Ch          , Kud         , Ch          , Ch          , Xol         , Xol         , Xos         , Xos         , Xos         , Ch          , Ch          , Ch          , Ch          , Ch          , Ch          , Ch          , Ch          , Ch          , Ch          , Ch          
Ch          , Ch          , Ch          , Ch          , Ch          , Ch          , Ch          , Ch          , Ch          , Ch          , Ch          , Ch          , Ch          , Ch          , Ch          , Xos         , Ch          , Ch          , Rr^Vd       , Ch          , Ch          , Ch          , Xol         , Xol         , Xos         , Xol         , Xol         , Ch          , Ch          , Ch          , Rr^Vd       , Ch          , Ch          , Xos         , Ch          , Ch          , Ch          , Ch          , Ch          , Ch          , Ch          , Ch          , Ch          , Ch          , Ch          , Ch          , Ch          , Ch          , Ch          
Ch          , Ch          , Ch          , Ch          , Ch          , Ch          , Ch          , Ch          , Ch          , Ch          , Ch          , Ch          , Ch          , Ch          , Ch          , Xos         , Ch          , Ch          , Ch          , Ch          , Ch          , Xol         , Xos         , Xol         , Ch          , Xos         , Xos         , Xol         , Ch          , Ch          , Ch          , Ch          , Ch          , Xos         , Ch          , Ch          , Ch          , Ch          , Ch          , Ch          , Ch          , Ch          , Ch          , Ch          , Ch          , Ch          , Ch          , Ch          , Ch          
Ch          , Ch          , Ch          , Ch          , Ch          , Ch          , Ch          , Ch          , Ch          , Ch          , Ch          , Ch          , Ch          , Ch          , Ch          , Xos         , Xos         , Ch          , Ch          , Ch          , Xos         , Xos         , Ch          , Ch          , Ch          , Ch          , Ch          , Xos         , Xos         , Ch          , Ch          , Ch          , Xos         , Xos         , Ch          , Ch          , Ch          , Ch          , Ch          , Ch          , Ch          , Ch          , Ch          , Ch          , Ch          , Ch          , Ch          , Ch          , Ch          
Ch          , Ch          , Ch          , Ch          , Ch          , Ch          , Ch          , Ch          , Ch          , Ch          , Ch          , Ch          , Ch          , Ch          , Ch          , Ch          , Ch          , Ch          , Ch          , Ch          , Ch          , Ch          , Ch          , Ch          , Ch          , Ch          , Ch          , Ch          , Ch          , Ch          , Ch          , Ch          , Ch          , Ch          , Ch          , Ch          , Ch          , Ch          , Ch          , Ch          , Ch          , Ch          , Ch          , Ch          , Ch          , Ch          , Ch          , Ch          , Ch          
Ch          , Ch          , Ch          , Ch          , Ch          , Ch          , Ch          , Ch          , Ch          , Ch          , Ch          , Ch          , Ch          , Ch          , Ch          , Ch          , Ch          , Ch          , Ch          , Ch          , Ch          , Ch          , Ch          , Ch          , Ch          , Ch          , Ch          , Ch          , Ch          , Ch          , Ch          , Ch          , Ch          , Ch          , Ch          , Ch          , Ch          , Ch          , Ch          , Ch          , Ch          , Ch          , Ch          , Ch          , Ch          , Ch          , Ch          , Ch          , Ch          
Ch          , Ch          , Ch          , Ch          , Ch          , Ch          , Ch          , Ch          , Ch          , Ch          , Ch          , Ch          , Ch          , Ch          , Ch          , Ch          , Ch          , Ch          , Ch          , Ch          , Ch          , Ch          , Ch          , Ch          , Xol         , Ch          , Ch          , Ch          , Ch          , Ch          , Ch          , Ch          , Ch          , Ch          , Ch          , Ch          , Ch          , Ch          , Ch          , Ch          , Ch          , Ch          , Ch          , Ch          , Ch          , Ch          , Ch          , Ch          , Ch          
Ch          , Ch          , Ch          , Ch          , Rrc         , Ch          , Ch          , Ch          , Ch          , Ch          , Ch          , Ch          , Ch          , Ch          , Ch          , Ch          , Ch          , Ch          , Xol         , Xol         , Ch          , Ch          , Xol         , Xol         , Ch          , Xol         , Xol         , Ch          , Ch          , Xol         , Xol         , Ch          , Ch          , Ch          , Ch          , Ch          , Ch          , Ch          , Ch          , Ch          , Ch          , Ch          , Ch          , Ch          , Ch          , Ch          , Ch          , Ch          , Ch          
Ch          , Ch          , Rrc         , Rrc         , Rrc         , Rrc         , Rrc         , Ch          , Ch          , Ch          , Ch          , Ch          , Ch          , Ch          , Ch          , Ch          , Ch          , Ch          , Xol         , Ch          , Rr^Vd       , Ch          , Ch          , Ch          , Ch          , Ch          , Ch          , Ch          , Rr^Vd       , Ch          , Xos         , Ch          , Ch          , Ch          , Ch          , Ch          , Ch          , Ch          , Ch          , Ch          , Ch          , Ch          , Ch          , Ch          , Ch          , Ch          , Ch          , Ch          , Ch          
Rrc         , Rrc         , Rrc         , Rrc         , Ch          , Rrc         , Rrc         , Rrc         , Rrc         , Ch          , Ch          , Ch          , Ch          , Ch          , Ch          , Ch          , Ch          , Ch          , Xos         , Ch          , Rr^Vd       , Ch          , Ch          , Ch          , Kud         , Ch          , Ch          , Ch          , Rr^Vd       , Ch          , Xos         , Ch          , Ch          , Ch          , Ch          , Ch          , Ch          , Ch          , Ch          , Ch          , Ch          , Ch          , Ch          , Ch          , Ch          , Ch          , Ch          , Ch          , Ch          
Rrc         , Rrc         , Ch          , Ch          , Ch          , Ch          , Ch          , Rrc         , Rrc         , Ch          , Ch          , Ch          , Ch          , Ch          , Ch          , Ch          , Ch          , Ch          , Xos         , Ch          , Rr^Vd       , Ch          , Ch          , Ch          , Ch          , Ch          , Ch          , Ch          , Rr^Vd       , Ch          , Xos         , Ch          , Ch          , Ch          , Ch          , Ch          , Ch          , Ch          , Ch          , Ch          , Ch          , Ch          , Ch          , Ch          , Ch          , Ch          , Ch          , Ch          , Ch          
Rrc         , Rrc         , Ch          , Ch          , Kud         , Ch          , Ch          , Rrc         , Rrc         , Ch          , Ch          , Ch          , Ch          , Ch          , Ch          , Ch          , Ch          , Ch          , Xos         , Ch          , Ch          , Ch          , Xos         , Ch          , Ch          , Ch          , Xos         , Ch          , Ch          , Ch          , Xos         , Ch          , Ch          , Ch          , Ch          , Ch          , Ch          , Ch          , Ch          , Ch          , Ch          , Ch          , Ch          , Ch          , Ch          , Ch          , Ch          , Ch          , Ch          
Rrc         , Rrc         , Ch          , Ch          , Ch          , Ch          , Ch          , Rrc         , Rrc         , Ch          , Ch          , Ch          , Ch          , Ch          , Ch          , Ch          , Ch          , Ch          , Ch          , Xos         , Ch          , Ch          , Ch          , Xos         , Xos         , Xos         , Ch          , Ch          , Ch          , Xos         , Ch          , Ch          , Ch          , Ch          , Ch          , Ch          , Ch          , Ch          , Ch          , Ch          , Ch          , Ch          , Ch          , Ch          , Ch          , Ch          , Ch          , Ch          , Ch          
Rrc         , Rrc         , Rrc         , Ch          , Ch          , Ch          , Rrc         , Rrc         , Rrc         , Ch          , Ch          , Ch          , Ch          , Ch          , Ch          , Ch          , Ch          , Ch          , Ch          , Ch          , Ch          , Ch          , Ch          , Ch          , Ch          , Ch          , Ch          , Ch          , Ch          , Ch          , Ch          , Ch          , Ch          , Ch          , Ch          , Ch          , Ch          , Ch          , Ch          , Ch          , Ch          , Ch          , Ch          , Ch          , Ch          , Ch          , Ch          , Ch          , Ch          
Rrc         , Rrc         , Rrc         , Rrc         , Rrc         , Rrc         , Rrc         , Rrc         , Ch          , Ch          , Ch          , Ch          , Ch          , Ch          , Ch          , Ch          , Ch          , Ch          , Ch          , Ch          , Ch          , Ch          , Ch          , Ch          , Ch          , Ch          , Ch          , Ch          , Ch          , Ch          , Ch          , Ch          , Ch          , Ch          , Ch          , Ch          , Ch          , Ch          , Ch          , Ch          , Ch          , Ch          , Ch          , Ch          , Ch          , Ch          , Ch          , Ch          , Ch          
